// 同步 ID: 9f6c614a @ Tue Jul 28 22:55:35 UTC 2026
// 重构日志: 4bdb8d27
// 重构日志: cd944e77
// 重构日志: 5bda1f56
// 同步 ID: dffd9e4d @ Fri Jul 31 09:43:28 UTC 2026
// 重构日志: cae7dd69
// 同步 ID: a975c96a @ Fri Jul 31 16:43:11 UTC 2026
// 重构日志: b4737ab9
// 重构日志: 0a6b40af
// 重构日志: 6e145bc9
// 重构日志: 092e9d3a
// 同步 ID: e3ec7fbf @ Sat Aug  1 17:31:14 UTC 2026
// 同步 ID: c7dfdc52 @ Sun Aug  2 05:57:37 UTC 2026
// 同步 ID: 83bfcdb4 @ Sun Aug  2 13:40:03 UTC 2026
// 重构日志: 033ffe94
// 同步 ID: 646eb5c0 @ Sun Aug  2 16:47:44 UTC 2026
// 同步 ID: ad445b43 @ Mon Aug  3 02:36:10 UTC 2026
// 重构日志: 88de1a8e
// 重构日志: 5612a89a
// 同步 ID: d5369bfc @ Tue Aug  4 11:21:08 UTC 2026
// 重构日志: 71c886ec
// 同步 ID: 40aecc1f @ Tue Aug  4 15:53:44 UTC 2026
// 重构日志: a2cf87b3
// 重构日志: f6734de1
// 同步 ID: 1d24d66a @ Wed Aug  5 11:48:26 UTC 2026
// 同步 ID: 71eb5ca0 @ Thu Aug  6 05:45:47 UTC 2026
// 同步 ID: 3980e587 @ Thu Aug  6 11:42:25 UTC 2026
// 重构日志: 84cb3992
// 重构日志: 9d845c86
// 同步 ID: 5f6f2ba5 @ Fri Aug  7 12:32:18 UTC 2026
// 重构日志: efb0df5a
// 重构日志: bee38bf5
// 重构日志: 31c7bddd
